
> portfolio@0.1.0 dev
> next dev

▲ Next.js 16.2.4 (Turbopack)
- Local:         http://localhost:3000
- Network:       http://10.120.175.136:3000
✓ Ready in 1245ms

○ Compiling /_not-found/page ...
 GET /login 404 in 6.4s (next.js: 5.9s, application-code: 480ms)
 GET /login 404 in 162ms (next.js: 19ms, application-code: 143ms)
 GET /login 404 in 155ms (next.js: 13ms, application-code: 141ms)
 GET / 200 in 1117ms (next.js: 754ms, application-code: 363ms)
 GET / 200 in 820ms (next.js: 218ms, application-code: 602ms)
✓ Compiled in 1441ms
 GET /login 404 in 2.7s (next.js: 1547ms, application-code: 1132ms)
 GET /login 404 in 1725ms (next.js: 480ms, application-code: 1245ms)
 GET /login 404 in 1124ms (next.js: 620ms, application-code: 504ms)
 GET /login 404 in 1233ms (next.js: 139ms, application-code: 1094ms)
 GET /login 404 in 1199ms (next.js: 710ms, application-code: 490ms)
 GET /login 404 in 388ms (next.js: 116ms, application-code: 273ms)
 GET /login 404 in 1384ms (next.js: 50ms, application-code: 1333ms)
 GET / 200 in 4.3s (next.js: 1218ms, application-code: 3.1s)
 GET / 200 in 2.5s (next.js: 46ms, application-code: 2.4s)
 GET / 200 in 2.4s (next.js: 52ms, application-code: 2.4s)
 GET / 200 in 2.8s (next.js: 189ms, application-code: 2.6s)
 GET / 200 in 2.8s (next.js: 338ms, application-code: 2.5s)
 GET / 200 in 3.0s (next.js: 50ms, application-code: 2.9s)
 GET / 200 in 1295ms (next.js: 30ms, application-code: 1265ms)
 GET / 200 in 1517ms (next.js: 45ms, application-code: 1472ms)
 GET / 200 in 806ms (next.js: 378ms, application-code: 428ms)
 GET / 200 in 834ms (next.js: 67ms, application-code: 767ms)
○ Compiling /api/profile-image ...
 GET /api/profile-image 200 in 4.5s (next.js: 4.4s, application-code: 151ms)
 GET /login 404 in 5.5s (next.js: 864ms, application-code: 4.6s)
 GET /login 404 in 4.7s (next.js: 1320ms, application-code: 3.4s)
 GET /login 404 in 455ms (next.js: 142ms, application-code: 313ms)
 GET /login 404 in 462ms (next.js: 26ms, application-code: 436ms)
 GET /login 404 in 459ms (next.js: 78ms, application-code: 380ms)
 GET /login 404 in 4.7s (next.js: 1351ms, application-code: 3.3s)
 GET / 200 in 6.0s (next.js: 393ms, application-code: 5.6s)
 GET / 200 in 5.0s (next.js: 57ms, application-code: 5.0s)
 GET / 200 in 4.8s (next.js: 205ms, application-code: 4.6s)
 GET / 200 in 4.8s (next.js: 121ms, application-code: 4.7s)
 GET / 200 in 4.8s (next.js: 297ms, application-code: 4.5s)
 GET /api/profile-image 200 in 133ms (next.js: 92ms, application-code: 41ms)
✓ Compiled in 4.4s
 GET / 200 in 485ms (next.js: 42ms, application-code: 443ms)
 GET /api/profile-image 200 in 511ms (next.js: 14ms, application-code: 496ms)
✓ Compiled in 755ms
 GET /login 404 in 174ms (next.js: 104ms, application-code: 71ms)
 GET /login 404 in 36ms (next.js: 7ms, application-code: 29ms)
 GET / 200 in 710ms (next.js: 318ms, application-code: 393ms)
 GET / 200 in 171ms (next.js: 11ms, application-code: 160ms)
 GET /login 404 in 256ms (next.js: 5ms, application-code: 251ms)
✓ Compiled in 402ms
 GET /login 404 in 547ms (next.js: 373ms, application-code: 173ms)
 GET /login 404 in 59ms (next.js: 9ms, application-code: 50ms)
 GET / 200 in 581ms (next.js: 182ms, application-code: 399ms)
 GET / 200 in 132ms (next.js: 6ms, application-code: 126ms)
 GET /login 404 in 177ms (next.js: 8ms, application-code: 169ms)
✓ Compiled in 1153ms
 GET / 200 in 1373ms (next.js: 535ms, application-code: 838ms)
 GET / 200 in 258ms (next.js: 22ms, application-code: 236ms)
 GET / 200 in 849ms (next.js: 37ms, application-code: 812ms)
 GET /api/profile-image 200 in 202ms (next.js: 132ms, application-code: 70ms)
✓ Compiled in 1035ms
 GET / 200 in 812ms (next.js: 339ms, application-code: 473ms)
 GET / 200 in 237ms (next.js: 12ms, application-code: 225ms)
✓ Compiled in 1144ms
 GET / 200 in 1335ms (next.js: 802ms, application-code: 533ms)
 GET / 200 in 199ms (next.js: 19ms, application-code: 180ms)
✓ Compiled in 604ms
 GET / 200 in 1243ms (next.js: 887ms, application-code: 356ms)
 GET / 200 in 137ms (next.js: 10ms, application-code: 127ms)
✓ Compiled in 470ms
 GET / 200 in 905ms (next.js: 347ms, application-code: 558ms)
 GET / 200 in 247ms (next.js: 18ms, application-code: 229ms)
✓ Compiled in 772ms
 GET / 200 in 1369ms (next.js: 914ms, application-code: 455ms)
 GET / 200 in 220ms (next.js: 19ms, application-code: 201ms)
 GET / 200 in 757ms (next.js: 19ms, application-code: 738ms)
✓ Compiled in 564ms
 GET / 200 in 781ms (next.js: 256ms, application-code: 525ms)
 GET / 200 in 157ms (next.js: 10ms, application-code: 147ms)
 GET / 200 in 324ms (next.js: 95ms, application-code: 229ms)
 GET / 200 in 132ms (next.js: 6ms, application-code: 126ms)
 GET / 200 in 389ms (next.js: 109ms, application-code: 281ms)
 GET / 200 in 174ms (next.js: 9ms, application-code: 165ms)
 GET / 200 in 285ms (next.js: 94ms, application-code: 190ms)
 GET / 200 in 102ms (next.js: 7ms, application-code: 95ms)
 GET / 200 in 445ms (next.js: 116ms, application-code: 329ms)
 GET / 200 in 168ms (next.js: 9ms, application-code: 158ms)
 GET / 200 in 671ms (next.js: 9ms, application-code: 662ms)
 GET / 200 in 189ms (next.js: 6ms, application-code: 183ms)
 GET / 200 in 224ms (next.js: 105ms, application-code: 119ms)
 GET / 200 in 140ms (next.js: 36ms, application-code: 105ms)
[browser] Uncaught Error: Hydration failed because the server rendered HTML didn't match the client. As a result this tree will be regenerated on the client. This can happen if a SSR-ed Client Component used:

- A server/client branch `if (typeof window !== 'undefined')`.
- Variable input such as `Date.now()` or `Math.random()` which changes each time it's called.
- Date formatting in a user's locale which doesn't match the server.
- External changing data without sending a snapshot of it along with the HTML.
- Invalid HTML tag nesting.

It can also happen if the client has a browser extension installed which messes with the HTML before React loaded.

https://react.dev/link/hydration-mismatch

  ...
    <ScrollAndMaybeFocusHandler cacheNode={{rsc:Promise, ...}}>
      <InnerScrollAndFocusHandlerOld focusAndScrollRef={{scrollRef:null, ...}} cacheNode={{rsc:Promise, ...}}>
        <ErrorBoundary errorComponent={undefined} errorStyles={undefined} errorScripts={undefined}>
          <LoadingBoundary name="/" loading={null}>
            <HTTPAccessFallbackBoundary notFound={<SegmentViewNode>} forbidden={undefined} unauthorized={undefined}>
              <HTTPAccessFallbackErrorBoundary pathname="/" notFound={<SegmentViewNode>} forbidden={undefined} ...>
                <RedirectBoundary>
                  <RedirectErrorBoundary router={{...}}>
                    <InnerLayoutRouter url="/" tree={[...]} params={{}} cacheNode={{rsc:Promise, ...}} ...>
                      <SegmentViewNode type="page" pagePath="page.tsx">
                        <SegmentTrieNode>
                        <Home>
                          <main className="min-h-scre...">
                            <div className="mx-auto ma...">
                              <header>
                              <section>
                              <section>
                              <section>
                              <section id="projects" className="py-20">
                                <div>
                                <div className="grid gap-6...">
-                                 <article
-                                   className="overflow-hidden rounded-[2rem] border border-white/10 bg-zinc-950/75"
-                                 >
-                                 <article
-                                   className="overflow-hidden rounded-[2rem] border border-white/10 bg-zinc-950/75"
-                                 >
                              ...
                      ...
                    ...
        ...

    at <unknown> (https://react.dev/link/hydration-mismatch)
    at div (<anonymous>)
    at Home (src\app\page.tsx:261:11)
  259 |           </div>
  260 |
> 261 |           <div className="grid gap-6 lg:grid-cols-2">
      |           ^
  262 |             {projects.map((project) => (
  263 |               <article key={project.title} className="overflow-hidden rounded-[2rem] bord...
  264 |                 <div className={`h-56 bg-gradient-to-br ${project.accent} p-6`}>
[browser] Can't perform a React state update on a component that hasn't mounted yet. This indicates that you have a side-effect in your render function that asynchronously tries to update the component. Move this work to useEffect instead. 
✓ Compiled in 364ms
 GET / 200 in 672ms (next.js: 215ms, application-code: 457ms)
 GET / 200 in 117ms (next.js: 9ms, application-code: 107ms)
 GET / 200 in 171ms (next.js: 55ms, application-code: 116ms)
 GET / 200 in 55ms (next.js: 5ms, application-code: 50ms)
 GET / 200 in 386ms (next.js: 70ms, application-code: 316ms)
 GET / 200 in 184ms (next.js: 32ms, application-code: 152ms)
 GET / 200 in 157ms (next.js: 52ms, application-code: 105ms)
 GET / 200 in 50ms (next.js: 4ms, application-code: 46ms)
 GET / 200 in 263ms (next.js: 108ms, application-code: 155ms)
 GET / 200 in 85ms (next.js: 9ms, application-code: 76ms)
 GET / 200 in 172ms (next.js: 68ms, application-code: 104ms)
 GET / 200 in 49ms (next.js: 5ms, application-code: 44ms)
 GET / 200 in 445ms (next.js: 6ms, application-code: 439ms)
 GET / 200 in 204ms (next.js: 66ms, application-code: 138ms)
 GET / 200 in 51ms (next.js: 6ms, application-code: 45ms)
✓ Compiled in 176ms
 GET / 200 in 244ms (next.js: 106ms, application-code: 137ms)
 GET / 200 in 48ms (next.js: 5ms, application-code: 43ms)
✓ Compiled in 164ms
 GET / 200 in 423ms (next.js: 188ms, application-code: 235ms)
 GET / 200 in 109ms (next.js: 7ms, application-code: 102ms)
 GET / 200 in 1578ms (next.js: 293ms, application-code: 1285ms)
✓ Compiled in 388ms
 GET / 200 in 559ms (next.js: 187ms, application-code: 371ms)
 GET / 200 in 239ms (next.js: 32ms, application-code: 207ms)
 GET / 200 in 379ms (next.js: 114ms, application-code: 264ms)
 GET / 200 in 150ms (next.js: 13ms, application-code: 137ms)
 GET / 200 in 778ms (next.js: 152ms, application-code: 626ms)
 GET / 200 in 128ms (next.js: 6ms, application-code: 122ms)
 GET / 200 in 144ms (next.js: 7ms, application-code: 137ms)
✓ Compiled in 468ms
 GET / 200 in 441ms (next.js: 205ms, application-code: 236ms)
 GET / 200 in 88ms (next.js: 5ms, application-code: 83ms)
 GET / 200 in 442ms (next.js: 8ms, application-code: 434ms)
✓ Compiled in 607ms
⚠ Fast Refresh had to perform a full reload when ./node_modules/next/dist/client/image-component.js changed. Read more: https://nextjs.org/docs/messages/fast-refresh-reload
 GET / 200 in 484ms (next.js: 6ms, application-code: 478ms)
 GET / 200 in 412ms (next.js: 58ms, application-code: 354ms)
 GET / 200 in 409ms (next.js: 316ms, application-code: 93ms)
 GET / 200 in 1174ms (next.js: 609ms, application-code: 564ms)
 GET / 200 in 413ms (next.js: 120ms, application-code: 292ms)
 GET / 200 in 452ms (next.js: 12ms, application-code: 441ms)
 GET /api/relixa-image 200 in 869ms (next.js: 837ms, application-code: 32ms)
 GET / 200 in 256ms (next.js: 100ms, application-code: 156ms)
 GET / 200 in 64ms (next.js: 7ms, application-code: 57ms)
 GET / 200 in 183ms (next.js: 61ms, application-code: 122ms)
 GET / 200 in 65ms (next.js: 4ms, application-code: 61ms)
 GET / 200 in 189ms (next.js: 61ms, application-code: 127ms)
 GET / 200 in 70ms (next.js: 6ms, application-code: 64ms)

C:\Portfolio\portfolio>